// Jest Snapshot v1, https://goo.gl/fbAQLP

exports[`Test SocialPost should render correctly 1`] = `
<div
  class="sc-bwzfXH fbmalI"
>
  <div
    class="sc-htpNat cCdKpA"
  >
    <div
      class="sc-bxivhb cgeqyC"
    >
      John Doe
    </div>
    <div
      class="sc-ifAKCX lgNMH"
    />
    <div
      class="sc-EHOje jCbNlh"
    >
      A functional component which internally uses the Resizer component. Bottom, right and left handles are enabled. Min width is set to 250px, min height to 150 and max to 500px.
    </div>
  </div>
  <div
    class="sc-bdVaJa eOejiP"
  />
  <div
    class="sc-bdVaJa iFZMkA"
  />
  <div
    class="sc-bdVaJa ifPxOL"
  />
</div>
`;
